// Vitest Snapshot v1, https://vitest.dev/guide/snapshot.html

exports[`Button Component > matches snapshot for primary button 1`] = `
<button
  class="font-bold rounded-lg focus:outline-none focus:ring-2 focus:ring-offset-2 transition-all duration-200 disabled:opacity-50 disabled:cursor-not-allowed flex items-center justify-center gap-2 whitespace-nowrap bg-primary text-white border-2 border-transparent hover:bg-white hover:text-primary hover:border-primary focus:ring-primary active:scale-95 px-3 sm:px-4 py-1.5 sm:py-1.5 text-xs sm:text-base "
>
  Snapshot Button
</button>
`;
